/home/runner/work/mt12-jarvis-continuous/mt12-jarvis-continuous/dist-controller-tournament/a17zx1/a17zx1_raw.luac: 88663 bytes
/home/runner/work/mt12-jarvis-continuous/mt12-jarvis-continuous/dist-controller-tournament/a17zx1/a17zx1.luac: 80595 bytes (MT12 4/4/4/4/4)
PASS: /home/runner/work/mt12-jarvis-continuous/mt12-jarvis-continuous/dist-controller-tournament/a17zx1/a17zx1.luac
Size: 80595 bytes
SHA-256: 9e92297827fb08218d1a44c7a6cf10f5ef01dae53874a61b66222a3afd0f36fc
Deploy only this normalized .luac file.
  adding: a17zx1.lua (deflated 64%)
  adding: a17zx1.luac (deflated 44%)
  adding: MANIFEST.json (deflated 54%)
  adding: IDENTITY.json (deflated 37%)
/home/runner/work/mt12-jarvis-continuous/mt12-jarvis-continuous/dist-controller-tournament/a17zx2/a17zx2_raw.luac: 88663 bytes
/home/runner/work/mt12-jarvis-continuous/mt12-jarvis-continuous/dist-controller-tournament/a17zx2/a17zx2.luac: 80595 bytes (MT12 4/4/4/4/4)
PASS: /home/runner/work/mt12-jarvis-continuous/mt12-jarvis-continuous/dist-controller-tournament/a17zx2/a17zx2.luac
Size: 80595 bytes
SHA-256: 68737fd277fe80f29dc2aeea117144559a85c545cf7ef8f4350b463d84e6ce12
Deploy only this normalized .luac file.
  adding: a17zx2.lua (deflated 64%)
  adding: a17zx2.luac (deflated 44%)
  adding: MANIFEST.json (deflated 54%)
  adding: IDENTITY.json (deflated 36%)
/home/runner/work/mt12-jarvis-continuous/mt12-jarvis-continuous/dist-controller-tournament/a17zx3/a17zx3_raw.luac: 88663 bytes
/home/runner/work/mt12-jarvis-continuous/mt12-jarvis-continuous/dist-controller-tournament/a17zx3/a17zx3.luac: 80595 bytes (MT12 4/4/4/4/4)
PASS: /home/runner/work/mt12-jarvis-continuous/mt12-jarvis-continuous/dist-controller-tournament/a17zx3/a17zx3.luac
Size: 80595 bytes
SHA-256: 4c49abc99bde6075684e07e4facbb10f65687bcacec9267abea119ea4b92c179
Deploy only this normalized .luac file.
  adding: a17zx3.lua (deflated 64%)
  adding: a17zx3.luac (deflated 44%)
  adding: MANIFEST.json (deflated 54%)
  adding: IDENTITY.json (deflated 36%)
/home/runner/work/mt12-jarvis-continuous/mt12-jarvis-continuous/dist-controller-tournament/a17zx4/a17zx4_raw.luac: 88744 bytes
/home/runner/work/mt12-jarvis-continuous/mt12-jarvis-continuous/dist-controller-tournament/a17zx4/a17zx4.luac: 80676 bytes (MT12 4/4/4/4/4)
PASS: /home/runner/work/mt12-jarvis-continuous/mt12-jarvis-continuous/dist-controller-tournament/a17zx4/a17zx4.luac
Size: 80676 bytes
SHA-256: 0766a3a94dd859074445291dfdbeb871368ecfdb1eb74028da5a9f7c29e7a62b
Deploy only this normalized .luac file.
  adding: a17zx4.lua (deflated 64%)
  adding: a17zx4.luac (deflated 44%)
  adding: MANIFEST.json (deflated 54%)
  adding: IDENTITY.json (deflated 36%)
/home/runner/work/mt12-jarvis-continuous/mt12-jarvis-continuous/dist-controller-tournament/a17zx5/a17zx5_raw.luac: 88672 bytes
/home/runner/work/mt12-jarvis-continuous/mt12-jarvis-continuous/dist-controller-tournament/a17zx5/a17zx5.luac: 80600 bytes (MT12 4/4/4/4/4)
PASS: /home/runner/work/mt12-jarvis-continuous/mt12-jarvis-continuous/dist-controller-tournament/a17zx5/a17zx5.luac
Size: 80600 bytes
SHA-256: 0dd315734ddfea226e29cc6aa04abe0cf77a5ffb6919b3f603c94cbe7886d1e7
Deploy only this normalized .luac file.
  adding: a17zx5.lua (deflated 64%)
  adding: a17zx5.luac (deflated 44%)
  adding: MANIFEST.json (deflated 54%)
  adding: IDENTITY.json (deflated 36%)
{
  "parent": "a17zr1",
  "releaseType": "X",
  "parentIntelligence": {
    "adaptiveLearning": 24.0,
    "sensorTruth": 20.0,
    "faultTolerance": 14.4,
    "causalReasoning": 9.333,
    "observability": 12.0,
    "controlCoordination": 9.6,
    "total": 89.333
  },
  "winner": "a17zx4",
  "runnerUp": "a17zx1",
  "candidates": [
    {
      "candidate": "a17zx4",
      "parent": "a17zr1",
      "releaseType": "X",
      "profile": "observability",
      "status": "COMPILED",
      "authority": "EXPERIMENTAL_ROAD_REQUIRED",
      "sourceBytes": 79176,
      "normalizedBytes": 80676,
      "sourceSha256": "d2459fd008f962be124bf69746ca8ea93009f15f78be79ccb5680ba2a6ecd12b",
      "luacSha256": "0766a3a94dd859074445291dfdbeb871368ecfdb1eb74028da5a9f7c29e7a62b",
      "runtimeIdentity": {
        "schema": "MT12BBID1",
        "token": "dcfab855aa9ed1c3",
        "groups": [
          144,
          145,
          146,
          147
        ],
        "chunks": [
          56570,
          47189,
          43678,
          53699
        ],
        "emitPolicy": "first logger cycle and every 600 logger cycles",
        "floatExact": true,
        "mapsToFinalHashesInManifest": true
      },
      "parentIntelligence": {
        "adaptiveLearning": 24.0,
        "sensorTruth": 20.0,
        "faultTolerance": 14.4,
        "causalReasoning": 9.333,
        "observability": 12.0,
        "controlCoordination": 9.6,
        "total": 89.333
      },
      "candidateIntelligence": {
        "adaptiveLearning": 24.0,
        "sensorTruth": 20.0,
        "faultTolerance": 14.4,
        "causalReasoning": 9.333,
        "observability": 12.0,
        "controlCoordination": 9.6,
        "total": 89.333
      },
      "intelligenceBonus": {
        "learningGain": 0.0,
        "safetyGain": 0.0,
        "observabilityGain": 3.0
      },
      "intelligenceDelta": 3.0,
      "riskPenalty": 1.0,
      "score": 102.0,
      "errors": [],
      "replayAuthority": "STATIC_SELF_EVALUATION_ONLY; ROAD_LOGS_STILL_REQUIRED"
    },
    {
      "candidate": "a17zx1",
      "parent": "a17zr1",
      "releaseType": "X",
      "profile": "conservative",
      "status": "COMPILED",
      "authority": "EXPERIMENTAL_ROAD_REQUIRED",
      "sourceBytes": 79100,
      "normalizedBytes": 80595,
      "sourceSha256": "0bbea38bdb9eecf7dceafa30cc9e4c1bd7ac2f6d0e3df6bdbfb7161446340211",
      "luacSha256": "9e92297827fb08218d1a44c7a6cf10f5ef01dae53874a61b66222a3afd0f36fc",
      "runtimeIdentity": {
        "schema": "MT12BBID1",
        "token": "072f0958d8719857",
        "groups": [
          144,
          145,
          146,
          147
        ],
        "chunks": [
          1839,
          2392,
          55409,
          38999
        ],
        "emitPolicy": "first logger cycle and every 600 logger cycles",
        "floatExact": true,
        "mapsToFinalHashesInManifest": true
      },
      "parentIntelligence": {
        "adaptiveLearning": 24.0,
        "sensorTruth": 20.0,
        "faultTolerance": 14.4,
        "causalReasoning": 9.333,
        "observability": 12.0,
        "controlCoordination": 9.6,
        "total": 89.333
      },
      "candidateIntelligence": {
        "adaptiveLearning": 24.0,
        "sensorTruth": 20.0,
        "faultTolerance": 14.4,
        "causalReasoning": 9.333,
        "observability": 12.0,
        "controlCoordination": 9.6,
        "total": 89.333
      },
      "intelligenceBonus": {
        "learningGain": 0.0,
        "safetyGain": 2.5,
        "observabilityGain": 0.0
      },
      "intelligenceDelta": 2.5,
      "riskPenalty": 2.0,
      "score": 100.5,
      "errors": [],
      "replayAuthority": "STATIC_SELF_EVALUATION_ONLY; ROAD_LOGS_STILL_REQUIRED"
    },
    {
      "candidate": "a17zx5",
      "parent": "a17zr1",
      "releaseType": "X",
      "profile": "combined",
      "status": "COMPILED",
      "authority": "EXPERIMENTAL_ROAD_REQUIRED",
      "sourceBytes": 79101,
      "normalizedBytes": 80600,
      "sourceSha256": "f1b895445ac23ed141d0da5c2e1502378201e3a7d2c2522c9e6e37e0825752d9",
      "luacSha256": "0dd315734ddfea226e29cc6aa04abe0cf77a5ffb6919b3f603c94cbe7886d1e7",
      "runtimeIdentity": {
        "schema": "MT12BBID1",
        "token": "deb807427967c4c0",
        "groups": [
          144,
          145,
          146,
          147
        ],
        "chunks": [
          57016,
          1858,
          31079,
          50368
        ],
        "emitPolicy": "first logger cycle and every 600 logger cycles",
        "floatExact": true,
        "mapsToFinalHashesInManifest": true
      },
      "parentIntelligence": {
        "adaptiveLearning": 24.0,
        "sensorTruth": 20.0,
        "faultTolerance": 14.4,
        "causalReasoning": 9.333,
        "observability": 12.0,
        "controlCoordination": 9.6,
        "total": 89.333
      },
      "candidateIntelligence": {
        "adaptiveLearning": 24.0,
        "sensorTruth": 20.0,
        "faultTolerance": 14.4,
        "causalReasoning": 9.333,
        "observability": 12.0,
        "controlCoordination": 9.6,
        "total": 89.333
      },
      "intelligenceBonus": {
        "learningGain": 1.5,
        "safetyGain": 1.5,
        "observabilityGain": 0.0
      },
      "intelligenceDelta": 3.0,
      "riskPenalty": 2.5,
      "score": 100.5,
      "errors": [],
      "replayAuthority": "STATIC_SELF_EVALUATION_ONLY; ROAD_LOGS_STILL_REQUIRED"
    },
    {
      "candidate": "a17zx3",
      "parent": "a17zr1",
      "releaseType": "X",
      "profile": "learning",
      "status": "COMPILED",
      "authority": "EXPERIMENTAL_ROAD_REQUIRED",
      "sourceBytes": 79102,
      "normalizedBytes": 80595,
      "sourceSha256": "140e9bdcfbbd00685b4927873e91898726eb463ae3b816cfedbb35f045e9b9b1",
      "luacSha256": "4c49abc99bde6075684e07e4facbb10f65687bcacec9267abea119ea4b92c179",
      "runtimeIdentity": {
        "schema": "MT12BBID1",
        "token": "50a2f3f923d13237",
        "groups": [
          144,
          145,
          146,
          147
        ],
        "chunks": [
          20642,
          62457,
          9169,
          12855
        ],
        "emitPolicy": "first logger cycle and every 600 logger cycles",
        "floatExact": true,
        "mapsToFinalHashesInManifest": true
      },
      "parentIntelligence": {
        "adaptiveLearning": 24.0,
        "sensorTruth": 20.0,
        "faultTolerance": 14.4,
        "causalReasoning": 9.333,
        "observability": 12.0,
        "controlCoordination": 9.6,
        "total": 89.333
      },
      "candidateIntelligence": {
        "adaptiveLearning": 24.0,
        "sensorTruth": 20.0,
        "faultTolerance": 14.4,
        "causalReasoning": 9.333,
        "observability": 12.0,
        "controlCoordination": 9.6,
        "total": 89.333
      },
      "intelligenceBonus": {
        "learningGain": 3.0,
        "safetyGain": 0.0,
        "observabilityGain": 0.0
      },
      "intelligenceDelta": 3.0,
      "riskPenalty": 3.0,
      "score": 100.0,
      "errors": [],
      "replayAuthority": "STATIC_SELF_EVALUATION_ONLY; ROAD_LOGS_STILL_REQUIRED"
    },
    {
      "candidate": "a17zx2",
      "parent": "a17zr1",
      "releaseType": "X",
      "profile": "balanced",
      "status": "COMPILED",
      "authority": "EXPERIMENTAL_ROAD_REQUIRED",
      "sourceBytes": 79103,
      "normalizedBytes": 80595,
      "sourceSha256": "7cc868923ab6ae0afd55b775d86dc8db41fc6748be20a69c93bf1b46e84f9e14",
      "luacSha256": "68737fd277fe80f29dc2aeea117144559a85c545cf7ef8f4350b463d84e6ce12",
      "runtimeIdentity": {
        "schema": "MT12BBID1",
        "token": "852c99e78ad1b27a",
        "groups": [
          144,
          145,
          146,
          147
        ],
        "chunks": [
          34092,
          39399,
          35537,
          45690
        ],
        "emitPolicy": "first logger cycle and every 600 logger cycles",
        "floatExact": true,
        "mapsToFinalHashesInManifest": true
      },
      "parentIntelligence": {
        "adaptiveLearning": 24.0,
        "sensorTruth": 20.0,
        "faultTolerance": 14.4,
        "causalReasoning": 9.333,
        "observability": 12.0,
        "controlCoordination": 9.6,
        "total": 89.333
      },
      "candidateIntelligence": {
        "adaptiveLearning": 24.0,
        "sensorTruth": 20.0,
        "faultTolerance": 14.4,
        "causalReasoning": 9.333,
        "observability": 12.0,
        "controlCoordination": 9.6,
        "total": 89.333
      },
      "intelligenceBonus": {
        "learningGain": 0.0,
        "safetyGain": 0.0,
        "observabilityGain": 0.0
      },
      "intelligenceDelta": 0.0,
      "riskPenalty": 0.5,
      "score": 99.5,
      "errors": [],
      "replayAuthority": "STATIC_SELF_EVALUATION_ONLY; ROAD_LOGS_STILL_REQUIRED"
    }
  ],
  "runtimeIdentitySchema": "MT12BBID1",
  "verdict": "IMPROVEMENT_FOUND",
  "promotion": "NEVER_AUTOMATIC; self-evaluation plus bench and returned road logs required"
}
